[2022-12-13 22:06:30,728][FLSim.builder][INFO] - benchmark.ctx.synthetic has created !
[2022-12-13 22:06:30,728][FLSim.builder][INFO] - benchmark.model.leaf.SyntheticMLP has created !
[2022-12-13 22:06:31,325][FLSim.builder][WARNING] - Traceback (most recent call last):
  File "D:\Project\Python\flsim\benchmark\builder.py", line 61, in build_trainer
    trainer = getattr(importlib.import_module(md), name)(net, fds, **args)
AttributeError: module 'trainer.core.proto' has no attribute 'FedCluster'

[2022-12-13 22:06:31,325][FLSim.__main__][DEBUG] - Traceback (most recent call last):
  File "D:\Project\Python\flsim\benchmark\builder.py", line 61, in build_trainer
    trainer = getattr(importlib.import_module(md), name)(net, fds, **args)
AttributeError: module 'trainer.core.proto' has no attribute 'FedCluster'

During handling of the above exception, another exception occurred:

Traceback (most recent call last):
  File "D:\Project\Python\flsim\benchmark\starter.py", line 27, in run
    trainer = build_trainer(tn, net, fds, cfg.trainer.args)
  File "D:\Project\Python\flsim\benchmark\builder.py", line 70, in build_trainer
    raise ImportError(f'No such trainer: {name}')
ImportError: No such trainer: FedCluster

